../Drivers/Middlewares/LoRaWAN/Mac/region/RegionCN470.c:69:15:GetNextLowerTxDr	24	static
../Drivers/Middlewares/LoRaWAN/Mac/region/RegionCN470.c:84:17:GetBandwidth	16	static
../Drivers/Middlewares/LoRaWAN/Mac/region/RegionCN470.c:98:15:LimitTxPower	32	static
../Drivers/Middlewares/LoRaWAN/Mac/region/RegionCN470.c:108:13:VerifyRfFreq	16	static
../Drivers/Middlewares/LoRaWAN/Mac/region/RegionCN470.c:132:16:CountNbOfEnabledChannels	40	static
../Drivers/Middlewares/LoRaWAN/Mac/region/RegionCN470.c:166:12:RegionCN470GetPhyParam	24	static
../Drivers/Middlewares/LoRaWAN/Mac/region/RegionCN470.c:349:6:RegionCN470SetBandTxDone	16	static
../Drivers/Middlewares/LoRaWAN/Mac/region/RegionCN470.c:354:6:RegionCN470InitDefaults	48	static
../Drivers/Middlewares/LoRaWAN/Mac/region/RegionCN470.c:410:7:RegionCN470GetNvmCtx	16	static
../Drivers/Middlewares/LoRaWAN/Mac/region/RegionCN470.c:416:6:RegionCN470Verify	16	static
../Drivers/Middlewares/LoRaWAN/Mac/region/RegionCN470.c:448:6:RegionCN470ApplyCFList	32	static
../Drivers/Middlewares/LoRaWAN/Mac/region/RegionCN470.c:470:6:RegionCN470ChanMaskSet	16	static
../Drivers/Middlewares/LoRaWAN/Mac/region/RegionCN470.c:490:6:RegionCN470ComputeRxWindowParameters	64	static
../Drivers/Middlewares/LoRaWAN/Mac/region/RegionCN470.c:503:6:RegionCN470RxConfig	88	static
../Drivers/Middlewares/LoRaWAN/Mac/region/RegionCN470.c:544:6:RegionCN470TxConfig	88	static
../Drivers/Middlewares/LoRaWAN/Mac/region/RegionCN470.c:568:9:RegionCN470LinkAdrReq	104	static
../Drivers/Middlewares/LoRaWAN/Mac/region/RegionCN470.c:665:9:RegionCN470RxParamSetupReq	32	static
../Drivers/Middlewares/LoRaWAN/Mac/region/RegionCN470.c:690:9:RegionCN470NewChannelReq	16	static
../Drivers/Middlewares/LoRaWAN/Mac/region/RegionCN470.c:696:8:RegionCN470TxParamSetupReq	16	static
../Drivers/Middlewares/LoRaWAN/Mac/region/RegionCN470.c:701:9:RegionCN470DlChannelReq	16	static
../Drivers/Middlewares/LoRaWAN/Mac/region/RegionCN470.c:706:8:RegionCN470AlternateDr	16	static
../Drivers/Middlewares/LoRaWAN/Mac/region/RegionCN470.c:711:6:RegionCN470CalcBackOff	40	static
../Drivers/Middlewares/LoRaWAN/Mac/region/RegionCN470.c:727:17:RegionCN470NextChannel	152	static
../Drivers/Middlewares/LoRaWAN/Mac/region/RegionCN470.c:787:17:RegionCN470ChannelAdd	16	static
../Drivers/Middlewares/LoRaWAN/Mac/region/RegionCN470.c:792:6:RegionCN470ChannelsRemove	16	static
../Drivers/Middlewares/LoRaWAN/Mac/region/RegionCN470.c:797:6:RegionCN470SetContinuousWave	40	static
../Drivers/Middlewares/LoRaWAN/Mac/region/RegionCN470.c:809:9:RegionCN470ApplyDrOffset	32	static
../Drivers/Middlewares/LoRaWAN/Mac/region/RegionCN470.c:820:6:RegionCN470RxBeaconSetup	40	static
