../Drivers/Middlewares/LoRaWAN/Mac/region/RegionRU864.c:69:15:GetNextLowerTxDr	24	static
../Drivers/Middlewares/LoRaWAN/Mac/region/RegionRU864.c:84:17:GetBandwidth	16	static
../Drivers/Middlewares/LoRaWAN/Mac/region/RegionRU864.c:98:15:LimitTxPower	32	static
../Drivers/Middlewares/LoRaWAN/Mac/region/RegionRU864.c:108:13:VerifyRfFreq	16	static
../Drivers/Middlewares/LoRaWAN/Mac/region/RegionRU864.c:124:16:CountNbOfEnabledChannels	40	static
../Drivers/Middlewares/LoRaWAN/Mac/region/RegionRU864.c:165:12:RegionRU864GetPhyParam	24	static
../Drivers/Middlewares/LoRaWAN/Mac/region/RegionRU864.c:338:6:RegionRU864SetBandTxDone	16	static
../Drivers/Middlewares/LoRaWAN/Mac/region/RegionRU864.c:343:6:RegionRU864InitDefaults	88	static
../Drivers/Middlewares/LoRaWAN/Mac/region/RegionRU864.c:392:7:RegionRU864GetNvmCtx	16	static
../Drivers/Middlewares/LoRaWAN/Mac/region/RegionRU864.c:398:6:RegionRU864Verify	16	static
../Drivers/Middlewares/LoRaWAN/Mac/region/RegionRU864.c:433:6:RegionRU864ApplyCFList	56	static
../Drivers/Middlewares/LoRaWAN/Mac/region/RegionRU864.c:492:6:RegionRU864ChanMaskSet	16	static
../Drivers/Middlewares/LoRaWAN/Mac/region/RegionRU864.c:512:6:RegionRU864ComputeRxWindowParameters	64	static
../Drivers/Middlewares/LoRaWAN/Mac/region/RegionRU864.c:532:6:RegionRU864RxConfig	88	static
../Drivers/Middlewares/LoRaWAN/Mac/region/RegionRU864.c:589:6:RegionRU864TxConfig	96	static
../Drivers/Middlewares/LoRaWAN/Mac/region/RegionRU864.c:623:9:RegionRU864LinkAdrReq	96	static
../Drivers/Middlewares/LoRaWAN/Mac/region/RegionRU864.c:728:9:RegionRU864RxParamSetupReq	32	static
../Drivers/Middlewares/LoRaWAN/Mac/region/RegionRU864.c:753:9:RegionRU864NewChannelReq	40	static
../Drivers/Middlewares/LoRaWAN/Mac/region/RegionRU864.c:806:8:RegionRU864TxParamSetupReq	16	static
../Drivers/Middlewares/LoRaWAN/Mac/region/RegionRU864.c:811:9:RegionRU864DlChannelReq	32	static
../Drivers/Middlewares/LoRaWAN/Mac/region/RegionRU864.c:836:8:RegionRU864AlternateDr	16	static
../Drivers/Middlewares/LoRaWAN/Mac/region/RegionRU864.c:841:6:RegionRU864CalcBackOff	40	static
../Drivers/Middlewares/LoRaWAN/Mac/region/RegionRU864.c:857:17:RegionRU864NextChannel	72	static
../Drivers/Middlewares/LoRaWAN/Mac/region/RegionRU864.c:912:17:RegionRU864ChannelAdd	32	static
../Drivers/Middlewares/LoRaWAN/Mac/region/RegionRU864.c:971:6:RegionRU864ChannelsRemove	40	static
../Drivers/Middlewares/LoRaWAN/Mac/region/RegionRU864.c:986:6:RegionRU864SetContinuousWave	40	static
../Drivers/Middlewares/LoRaWAN/Mac/region/RegionRU864.c:998:9:RegionRU864ApplyDrOffset	32	static
../Drivers/Middlewares/LoRaWAN/Mac/region/RegionRU864.c:1009:6:RegionRU864RxBeaconSetup	40	static
