../App/Core/Src/mlm32l0xx_hw.c:95:6:HW_Init	8	static
../App/Core/Src/mlm32l0xx_hw.c:130:6:HW_DeInit	8	static
../App/Core/Src/mlm32l0xx_hw.c:146:13:HW_IoInit	8	static
../App/Core/Src/mlm32l0xx_hw.c:160:13:HW_IoDeInit	32	static
../App/Core/Src/mlm32l0xx_hw.c:179:6:HW_GpioInit	56	static
../App/Core/Src/mlm32l0xx_hw.c:225:6:SystemClock_Config	88	static
../App/Core/Src/mlm32l0xx_hw.c:270:10:HW_GetRandomSeed	8	static
../App/Core/Src/mlm32l0xx_hw.c:280:6:HW_GetUniqueId	16	static
../App/Core/Src/mlm32l0xx_hw.c:292:10:HW_GetTemperatureLevel	24	static
../App/Core/Src/mlm32l0xx_hw.c:331:10:HW_GetBatteryLevel	24	static
../App/Core/Src/mlm32l0xx_hw.c:355:6:HW_AdcInit	8	static
../App/Core/Src/mlm32l0xx_hw.c:393:6:HW_AdcDeInit	8	static
../App/Core/Src/mlm32l0xx_hw.c:404:10:HW_AdcReadChannel	40	static
../App/Core/Src/mlm32l0xx_hw.c:455:6:LPM_EnterStopMode	24	static,ignoring_inline_asm
../App/Core/Src/mlm32l0xx_hw.c:479:6:LPM_ExitStopMode	24	static,ignoring_inline_asm
../App/Core/Src/mlm32l0xx_hw.c:517:6:LPM_EnterSleepMode	8	static
