../Drivers/Middlewares/LoRaWAN/Mac/LoRaMacCrypto.c:270:30:PayloadEncrypt	72	static
../Drivers/Middlewares/LoRaWAN/Mac/LoRaMacCrypto.c:412:30:PrepareB0	32	static
../Drivers/Middlewares/LoRaWAN/Mac/LoRaMacCrypto.c:474:30:ComputeCmacB0	56	static
../Drivers/Middlewares/LoRaWAN/Mac/LoRaMacCrypto.c:510:30:VerifyCmacB0	328	static
../Drivers/Middlewares/LoRaWAN/Mac/LoRaMacCrypto.c:649:30:GetKeyAddrItem	24	static
../Drivers/Middlewares/LoRaWAN/Mac/LoRaMacCrypto.c:671:30:DeriveSessionKey10x	48	static
../Drivers/Middlewares/LoRaWAN/Mac/LoRaMacCrypto.c:804:30:GetLastFcntDown	16	static
../Drivers/Middlewares/LoRaWAN/Mac/LoRaMacCrypto.c:850:13:CheckFCntDown	24	static
../Drivers/Middlewares/LoRaWAN/Mac/LoRaMacCrypto.c:877:13:UpdateFCntDown	16	static
../Drivers/Middlewares/LoRaWAN/Mac/LoRaMacCrypto.c:911:13:ResetFCnts	8	static
../Drivers/Middlewares/LoRaWAN/Mac/LoRaMacCrypto.c:931:13:DummyCB	8	static
../Drivers/Middlewares/LoRaWAN/Mac/LoRaMacCrypto.c:940:23:LoRaMacCryptoInit	16	static
../Drivers/Middlewares/LoRaWAN/Mac/LoRaMacCrypto.c:970:23:LoRaMacCryptoSetLrWanVersion	16	static
../Drivers/Middlewares/LoRaWAN/Mac/LoRaMacCrypto.c:976:23:LoRaMacCryptoRestoreNvmCtx	16	static
../Drivers/Middlewares/LoRaWAN/Mac/LoRaMacCrypto.c:990:7:LoRaMacCryptoGetNvmCtx	16	static
../Drivers/Middlewares/LoRaWAN/Mac/LoRaMacCrypto.c:996:23:LoRaMacCryptoGetFCntUp	16	static
../Drivers/Middlewares/LoRaWAN/Mac/LoRaMacCrypto.c:1008:23:LoRaMacCryptoGetFCntDown	72	static
../Drivers/Middlewares/LoRaWAN/Mac/LoRaMacCrypto.c:1063:23:LoRaMacCryptoSetMulticastReference	16	static
../Drivers/Middlewares/LoRaWAN/Mac/LoRaMacCrypto.c:1078:23:LoRaMacCryptoSetKey	16	static
../Drivers/Middlewares/LoRaWAN/Mac/LoRaMacCrypto.c:1099:23:LoRaMacCryptoPrepareJoinRequest	32	static
../Drivers/Middlewares/LoRaWAN/Mac/LoRaMacCrypto.c:1151:23:LoRaMacCryptoPrepareReJoinType1	24	static
../Drivers/Middlewares/LoRaWAN/Mac/LoRaMacCrypto.c:1190:23:LoRaMacCryptoPrepareReJoinType0or2	24	static
../Drivers/Middlewares/LoRaWAN/Mac/LoRaMacCrypto.c:1228:23:LoRaMacCryptoHandleJoinAccept	320	static
../Drivers/Middlewares/LoRaWAN/Mac/LoRaMacCrypto.c:1436:23:LoRaMacCryptoSecureMessage	64	static
../Drivers/Middlewares/LoRaWAN/Mac/LoRaMacCrypto.c:1530:23:LoRaMacCryptoUnsecureMessage	64	static
../Drivers/Middlewares/LoRaWAN/Mac/LoRaMacCrypto.c:1613:23:LoRaMacCryptoDeriveMcRootKey	40	static
../Drivers/Middlewares/LoRaWAN/Mac/LoRaMacCrypto.c:1635:23:LoRaMacCryptoDeriveMcKEKey	40	static
../Drivers/Middlewares/LoRaWAN/Mac/LoRaMacCrypto.c:1652:23:LoRaMacCryptoDeriveMcSessionKeyPair	64	static
