../Drivers/Middlewares/LoRaWAN/Mac/region/RegionKR920.c:69:15:GetNextLowerTxDr	24	static
../Drivers/Middlewares/LoRaWAN/Mac/region/RegionKR920.c:84:15:GetMaxEIRP	16	static
../Drivers/Middlewares/LoRaWAN/Mac/region/RegionKR920.c:94:17:GetBandwidth	16	static
../Drivers/Middlewares/LoRaWAN/Mac/region/RegionKR920.c:108:15:LimitTxPower	32	static
../Drivers/Middlewares/LoRaWAN/Mac/region/RegionKR920.c:118:13:VerifyRfFreq	24	static
../Drivers/Middlewares/LoRaWAN/Mac/region/RegionKR920.c:142:16:CountNbOfEnabledChannels	40	static
../Drivers/Middlewares/LoRaWAN/Mac/region/RegionKR920.c:183:12:RegionKR920GetPhyParam	24	static
../Drivers/Middlewares/LoRaWAN/Mac/region/RegionKR920.c:365:6:RegionKR920SetBandTxDone	16	static
../Drivers/Middlewares/LoRaWAN/Mac/region/RegionKR920.c:370:6:RegionKR920InitDefaults	112	static
../Drivers/Middlewares/LoRaWAN/Mac/region/RegionKR920.c:421:7:RegionKR920GetNvmCtx	16	static
../Drivers/Middlewares/LoRaWAN/Mac/region/RegionKR920.c:427:6:RegionKR920Verify	16	static
../Drivers/Middlewares/LoRaWAN/Mac/region/RegionKR920.c:462:6:RegionKR920ApplyCFList	56	static
../Drivers/Middlewares/LoRaWAN/Mac/region/RegionKR920.c:521:6:RegionKR920ChanMaskSet	16	static
../Drivers/Middlewares/LoRaWAN/Mac/region/RegionKR920.c:541:6:RegionKR920ComputeRxWindowParameters	64	static
../Drivers/Middlewares/LoRaWAN/Mac/region/RegionKR920.c:554:6:RegionKR920RxConfig	80	static
../Drivers/Middlewares/LoRaWAN/Mac/region/RegionKR920.c:592:6:RegionKR920TxConfig	96	static
../Drivers/Middlewares/LoRaWAN/Mac/region/RegionKR920.c:622:9:RegionKR920LinkAdrReq	96	static
../Drivers/Middlewares/LoRaWAN/Mac/region/RegionKR920.c:727:9:RegionKR920RxParamSetupReq	32	static
../Drivers/Middlewares/LoRaWAN/Mac/region/RegionKR920.c:752:9:RegionKR920NewChannelReq	40	static
../Drivers/Middlewares/LoRaWAN/Mac/region/RegionKR920.c:805:8:RegionKR920TxParamSetupReq	16	static
../Drivers/Middlewares/LoRaWAN/Mac/region/RegionKR920.c:810:9:RegionKR920DlChannelReq	32	static
../Drivers/Middlewares/LoRaWAN/Mac/region/RegionKR920.c:835:8:RegionKR920AlternateDr	16	static
../Drivers/Middlewares/LoRaWAN/Mac/region/RegionKR920.c:840:6:RegionKR920CalcBackOff	40	static
../Drivers/Middlewares/LoRaWAN/Mac/region/RegionKR920.c:856:17:RegionKR920NextChannel	88	static
../Drivers/Middlewares/LoRaWAN/Mac/region/RegionKR920.c:923:17:RegionKR920ChannelAdd	32	static
../Drivers/Middlewares/LoRaWAN/Mac/region/RegionKR920.c:982:6:RegionKR920ChannelsRemove	40	static
../Drivers/Middlewares/LoRaWAN/Mac/region/RegionKR920.c:997:6:RegionKR920SetContinuousWave	40	static
../Drivers/Middlewares/LoRaWAN/Mac/region/RegionKR920.c:1014:9:RegionKR920ApplyDrOffset	32	static
../Drivers/Middlewares/LoRaWAN/Mac/region/RegionKR920.c:1025:6:RegionKR920RxBeaconSetup	40	static
