../Drivers/Middlewares/LoRaWAN/Mac/region/RegionAS923.c:69:15:GetNextLowerTxDr	24	static
../Drivers/Middlewares/LoRaWAN/Mac/region/RegionAS923.c:84:17:GetBandwidth	16	static
../Drivers/Middlewares/LoRaWAN/Mac/region/RegionAS923.c:98:15:LimitTxPower	32	static
../Drivers/Middlewares/LoRaWAN/Mac/region/RegionAS923.c:108:13:VerifyRfFreq	16	static
../Drivers/Middlewares/LoRaWAN/Mac/region/RegionAS923.c:123:16:CountNbOfEnabledChannels	40	static
../Drivers/Middlewares/LoRaWAN/Mac/region/RegionAS923.c:164:12:RegionAS923GetPhyParam	24	static
../Drivers/Middlewares/LoRaWAN/Mac/region/RegionAS923.c:381:6:RegionAS923SetBandTxDone	16	static
../Drivers/Middlewares/LoRaWAN/Mac/region/RegionAS923.c:386:6:RegionAS923InitDefaults	88	static
../Drivers/Middlewares/LoRaWAN/Mac/region/RegionAS923.c:435:7:RegionAS923GetNvmCtx	16	static
../Drivers/Middlewares/LoRaWAN/Mac/region/RegionAS923.c:441:6:RegionAS923Verify	16	static
../Drivers/Middlewares/LoRaWAN/Mac/region/RegionAS923.c:490:6:RegionAS923ApplyCFList	56	static
../Drivers/Middlewares/LoRaWAN/Mac/region/RegionAS923.c:549:6:RegionAS923ChanMaskSet	16	static
../Drivers/Middlewares/LoRaWAN/Mac/region/RegionAS923.c:569:6:RegionAS923ComputeRxWindowParameters	64	static
../Drivers/Middlewares/LoRaWAN/Mac/region/RegionAS923.c:589:6:RegionAS923RxConfig	88	static
../Drivers/Middlewares/LoRaWAN/Mac/region/RegionAS923.c:647:6:RegionAS923TxConfig	96	static
../Drivers/Middlewares/LoRaWAN/Mac/region/RegionAS923.c:681:9:RegionAS923LinkAdrReq	96	static
../Drivers/Middlewares/LoRaWAN/Mac/region/RegionAS923.c:786:9:RegionAS923RxParamSetupReq	32	static
../Drivers/Middlewares/LoRaWAN/Mac/region/RegionAS923.c:811:9:RegionAS923NewChannelReq	40	static
../Drivers/Middlewares/LoRaWAN/Mac/region/RegionAS923.c:864:8:RegionAS923TxParamSetupReq	16	static
../Drivers/Middlewares/LoRaWAN/Mac/region/RegionAS923.c:870:9:RegionAS923DlChannelReq	32	static
../Drivers/Middlewares/LoRaWAN/Mac/region/RegionAS923.c:895:8:RegionAS923AlternateDr	16	static
../Drivers/Middlewares/LoRaWAN/Mac/region/RegionAS923.c:901:6:RegionAS923CalcBackOff	40	static
../Drivers/Middlewares/LoRaWAN/Mac/region/RegionAS923.c:917:17:RegionAS923NextChannel	88	static
../Drivers/Middlewares/LoRaWAN/Mac/region/RegionAS923.c:984:17:RegionAS923ChannelAdd	32	static
../Drivers/Middlewares/LoRaWAN/Mac/region/RegionAS923.c:1043:6:RegionAS923ChannelsRemove	40	static
../Drivers/Middlewares/LoRaWAN/Mac/region/RegionAS923.c:1058:6:RegionAS923SetContinuousWave	40	static
../Drivers/Middlewares/LoRaWAN/Mac/region/RegionAS923.c:1070:9:RegionAS923ApplyDrOffset	32	static
../Drivers/Middlewares/LoRaWAN/Mac/region/RegionAS923.c:1085:6:RegionAS923RxBeaconSetup	40	static
