../App/LoRaWAN/src/main.c:159:5:main	16	static,ignoring_inline_asm
../App/LoRaWAN/src/main.c:224:6:LoraMacProcessNotify	8	static
../App/LoRaWAN/src/main.c:230:13:LORA_HasJoined	8	static
../App/LoRaWAN/src/main.c:238:13:Send	88	static
../App/LoRaWAN/src/main.c:356:13:LORA_RxData	16	static
../App/LoRaWAN/src/main.c:428:13:OnTxTimerEvent	16	static
../App/LoRaWAN/src/main.c:436:13:LoraStartTx	48	static
../App/LoRaWAN/src/main.c:459:13:LORA_ConfirmClass	16	static
../App/LoRaWAN/src/main.c:471:13:LORA_TxNeeded	8	static
../App/LoRaWAN/src/main.c:484:9:LORA_GetBatteryLevel	24	static
../App/LoRaWAN/src/main.c:510:13:OnTimerLedEvent	16	static
