/home/icfoss/hari_work/z_git/STM32_DEMO/LoRaWAN/lorawan_ABP/Drivers/STM32L0xx_HAL_Driver/Inc/stm32l0xx_ll_rtc.h:1323:26:LL_RTC_TIME_GetSubSecond	16	static
../App/LoRaWAN/src/hw_rtc.c:149:6:HW_RTC_Init	8	static
../App/LoRaWAN/src/hw_rtc.c:166:13:HW_RTC_SetConfig	32	static
../App/LoRaWAN/src/hw_rtc.c:212:6:HW_RTC_setMcuWakeUpTime	56	static
../App/LoRaWAN/src/hw_rtc.c:240:9:HW_RTC_getMcuWakeUpTime	8	static
../App/LoRaWAN/src/hw_rtc.c:250:10:HW_RTC_GetMinimumTimeout	8	static
../App/LoRaWAN/src/hw_rtc.c:260:10:HW_RTC_ms2Tick	24	static
../App/LoRaWAN/src/hw_rtc.c:271:13:HW_RTC_Tick2ms	24	static
../App/LoRaWAN/src/hw_rtc.c:284:6:HW_RTC_SetAlarm	24	static
../App/LoRaWAN/src/hw_rtc.c:310:10:HW_RTC_GetTimerElapsedTime	40	static
../App/LoRaWAN/src/hw_rtc.c:325:10:HW_RTC_GetTimerValue	40	static
../App/LoRaWAN/src/hw_rtc.c:340:6:HW_RTC_StopAlarm	8	static
../App/LoRaWAN/src/hw_rtc.c:355:6:HW_RTC_IrqHandler	16	static
../App/LoRaWAN/src/hw_rtc.c:384:6:HW_RTC_DelayMs	24	static,ignoring_inline_asm
../App/LoRaWAN/src/hw_rtc.c:404:10:HW_RTC_SetTimerContext	8	static
../App/LoRaWAN/src/hw_rtc.c:415:10:HW_RTC_GetTimerContext	8	static
../App/LoRaWAN/src/hw_rtc.c:426:13:HW_RTC_SetAlarmConfig	8	static
../App/LoRaWAN/src/hw_rtc.c:437:13:HW_RTC_StartWakeUpAlarm	72	static
../App/LoRaWAN/src/hw_rtc.c:547:17:HW_RTC_GetCalendarValue	64	static
../App/LoRaWAN/src/hw_rtc.c:596:10:HW_RTC_GetCalendarTime	64	static
../App/LoRaWAN/src/hw_rtc.c:613:6:HW_RTC_BKUPWrite	16	static
../App/LoRaWAN/src/hw_rtc.c:619:6:HW_RTC_BKUPRead	16	static
../App/LoRaWAN/src/hw_rtc.c:625:13:RtcTempCompensation	40	static
