../Drivers/Middlewares/LoRaWAN/Mac/region/RegionAU915.c:76:15:GetNextLowerTxDr	24	static
../Drivers/Middlewares/LoRaWAN/Mac/region/RegionAU915.c:95:17:GetBandwidth	16	static
../Drivers/Middlewares/LoRaWAN/Mac/region/RegionAU915.c:109:15:LimitTxPower	32	static
../Drivers/Middlewares/LoRaWAN/Mac/region/RegionAU915.c:119:13:VerifyRfFreq	16	static
../Drivers/Middlewares/LoRaWAN/Mac/region/RegionAU915.c:144:16:CountNbOfEnabledChannels	40	static
../Drivers/Middlewares/LoRaWAN/Mac/region/RegionAU915.c:178:12:RegionAU915GetPhyParam	24	static
../Drivers/Middlewares/LoRaWAN/Mac/region/RegionAU915.c:400:6:RegionAU915SetBandTxDone	16	static
../Drivers/Middlewares/LoRaWAN/Mac/region/RegionAU915.c:405:6:RegionAU915InitDefaults	48	static
../Drivers/Middlewares/LoRaWAN/Mac/region/RegionAU915.c:476:7:RegionAU915GetNvmCtx	16	static
../Drivers/Middlewares/LoRaWAN/Mac/region/RegionAU915.c:482:6:RegionAU915Verify	16	static
../Drivers/Middlewares/LoRaWAN/Mac/region/RegionAU915.c:528:6:RegionAU915ApplyCFList	32	static
../Drivers/Middlewares/LoRaWAN/Mac/region/RegionAU915.c:556:6:RegionAU915ChanMaskSet	24	static
../Drivers/Middlewares/LoRaWAN/Mac/region/RegionAU915.c:584:6:RegionAU915ComputeRxWindowParameters	64	static
../Drivers/Middlewares/LoRaWAN/Mac/region/RegionAU915.c:597:6:RegionAU915RxConfig	88	static
../Drivers/Middlewares/LoRaWAN/Mac/region/RegionAU915.c:638:6:RegionAU915TxConfig	96	static
../Drivers/Middlewares/LoRaWAN/Mac/region/RegionAU915.c:663:9:RegionAU915LinkAdrReq	104	static
../Drivers/Middlewares/LoRaWAN/Mac/region/RegionAU915.c:824:9:RegionAU915RxParamSetupReq	32	static
../Drivers/Middlewares/LoRaWAN/Mac/region/RegionAU915.c:854:9:RegionAU915NewChannelReq	16	static
../Drivers/Middlewares/LoRaWAN/Mac/region/RegionAU915.c:860:8:RegionAU915TxParamSetupReq	16	static
../Drivers/Middlewares/LoRaWAN/Mac/region/RegionAU915.c:866:9:RegionAU915DlChannelReq	16	static
../Drivers/Middlewares/LoRaWAN/Mac/region/RegionAU915.c:871:8:RegionAU915AlternateDr	16	static
../Drivers/Middlewares/LoRaWAN/Mac/region/RegionAU915.c:890:6:RegionAU915CalcBackOff	40	static
../Drivers/Middlewares/LoRaWAN/Mac/region/RegionAU915.c:906:17:RegionAU915NextChannel	128	static
../Drivers/Middlewares/LoRaWAN/Mac/region/RegionAU915.c:971:17:RegionAU915ChannelAdd	16	static
../Drivers/Middlewares/LoRaWAN/Mac/region/RegionAU915.c:976:6:RegionAU915ChannelsRemove	16	static
../Drivers/Middlewares/LoRaWAN/Mac/region/RegionAU915.c:981:6:RegionAU915SetContinuousWave	40	static
../Drivers/Middlewares/LoRaWAN/Mac/region/RegionAU915.c:993:9:RegionAU915ApplyDrOffset	32	static
../Drivers/Middlewares/LoRaWAN/Mac/region/RegionAU915.c:1011:6:RegionAU915RxBeaconSetup	40	static
