../Drivers/Middlewares/LoRaWAN/Mac/region/RegionCN779.c:69:15:GetNextLowerTxDr	24	static
../Drivers/Middlewares/LoRaWAN/Mac/region/RegionCN779.c:84:17:GetBandwidth	16	static
../Drivers/Middlewares/LoRaWAN/Mac/region/RegionCN779.c:98:15:LimitTxPower	32	static
../Drivers/Middlewares/LoRaWAN/Mac/region/RegionCN779.c:108:13:VerifyRfFreq	16	static
../Drivers/Middlewares/LoRaWAN/Mac/region/RegionCN779.c:123:16:CountNbOfEnabledChannels	40	static
../Drivers/Middlewares/LoRaWAN/Mac/region/RegionCN779.c:164:12:RegionCN779GetPhyParam	24	static
../Drivers/Middlewares/LoRaWAN/Mac/region/RegionCN779.c:342:6:RegionCN779SetBandTxDone	16	static
../Drivers/Middlewares/LoRaWAN/Mac/region/RegionCN779.c:347:6:RegionCN779InitDefaults	112	static
../Drivers/Middlewares/LoRaWAN/Mac/region/RegionCN779.c:398:7:RegionCN779GetNvmCtx	16	static
../Drivers/Middlewares/LoRaWAN/Mac/region/RegionCN779.c:404:6:RegionCN779Verify	16	static
../Drivers/Middlewares/LoRaWAN/Mac/region/RegionCN779.c:439:6:RegionCN779ApplyCFList	56	static
../Drivers/Middlewares/LoRaWAN/Mac/region/RegionCN779.c:498:6:RegionCN779ChanMaskSet	16	static
../Drivers/Middlewares/LoRaWAN/Mac/region/RegionCN779.c:518:6:RegionCN779ComputeRxWindowParameters	64	static
../Drivers/Middlewares/LoRaWAN/Mac/region/RegionCN779.c:538:6:RegionCN779RxConfig	88	static
../Drivers/Middlewares/LoRaWAN/Mac/region/RegionCN779.c:594:6:RegionCN779TxConfig	96	static
../Drivers/Middlewares/LoRaWAN/Mac/region/RegionCN779.c:629:9:RegionCN779LinkAdrReq	96	static
../Drivers/Middlewares/LoRaWAN/Mac/region/RegionCN779.c:734:9:RegionCN779RxParamSetupReq	32	static
../Drivers/Middlewares/LoRaWAN/Mac/region/RegionCN779.c:759:9:RegionCN779NewChannelReq	40	static
../Drivers/Middlewares/LoRaWAN/Mac/region/RegionCN779.c:812:8:RegionCN779TxParamSetupReq	16	static
../Drivers/Middlewares/LoRaWAN/Mac/region/RegionCN779.c:817:9:RegionCN779DlChannelReq	32	static
../Drivers/Middlewares/LoRaWAN/Mac/region/RegionCN779.c:842:8:RegionCN779AlternateDr	16	static
../Drivers/Middlewares/LoRaWAN/Mac/region/RegionCN779.c:847:6:RegionCN779CalcBackOff	40	static
../Drivers/Middlewares/LoRaWAN/Mac/region/RegionCN779.c:863:17:RegionCN779NextChannel	80	static
../Drivers/Middlewares/LoRaWAN/Mac/region/RegionCN779.c:918:17:RegionCN779ChannelAdd	32	static
../Drivers/Middlewares/LoRaWAN/Mac/region/RegionCN779.c:977:6:RegionCN779ChannelsRemove	40	static
../Drivers/Middlewares/LoRaWAN/Mac/region/RegionCN779.c:992:6:RegionCN779SetContinuousWave	40	static
../Drivers/Middlewares/LoRaWAN/Mac/region/RegionCN779.c:1004:9:RegionCN779ApplyDrOffset	32	static
../Drivers/Middlewares/LoRaWAN/Mac/region/RegionCN779.c:1015:6:RegionCN779RxBeaconSetup	40	static
