../Drivers/BSP/CMWX1ZZABZ-0xx/mlm32l07x01.c:118:10:SX1276GetWakeTime	8	static
../Drivers/BSP/CMWX1ZZABZ-0xx/mlm32l07x01.c:123:6:SX1276SetXO	16	static
../Drivers/BSP/CMWX1ZZABZ-0xx/mlm32l07x01.c:137:6:SX1276IoInit	32	static
../Drivers/BSP/CMWX1ZZABZ-0xx/mlm32l07x01.c:162:6:SX1276IoIrqInit	16	static
../Drivers/BSP/CMWX1ZZABZ-0xx/mlm32l07x01.c:170:6:SX1276IoDeInit	32	static
../Drivers/BSP/CMWX1ZZABZ-0xx/mlm32l07x01.c:190:6:SX1276SetRfTxPower	40	static
../Drivers/BSP/CMWX1ZZABZ-0xx/mlm32l07x01.c:258:9:SX1276GetPaSelect	16	static
../Drivers/BSP/CMWX1ZZABZ-0xx/mlm32l07x01.c:270:6:SX1276SetAntSwLowPower	16	static
../Drivers/BSP/CMWX1ZZABZ-0xx/mlm32l07x01.c:282:13:SX1276AntSwInit	32	static
../Drivers/BSP/CMWX1ZZABZ-0xx/mlm32l07x01.c:300:13:SX1276AntSwDeInit	32	static
../Drivers/BSP/CMWX1ZZABZ-0xx/mlm32l07x01.c:319:6:SX1276SetAntSw	32	static
../Drivers/BSP/CMWX1ZZABZ-0xx/mlm32l07x01.c:345:6:SX1276CheckRfFrequency	16	static
