../App/Core/Src/mlm32l0xx_hal_msp.c:42:19:HAL_InitTick	16	static
../App/Core/Src/mlm32l0xx_hal_msp.c:53:6:HAL_Delay	16	static
../App/Core/Src/mlm32l0xx_hal_msp.c:62:6:HAL_MspInit	8	static
../App/Core/Src/mlm32l0xx_hal_msp.c:101:6:HAL_RTC_MspInit	120	static
../App/Core/Src/mlm32l0xx_hal_msp.c:140:6:HAL_RTC_MspDeInit	16	static
../App/Core/Src/mlm32l0xx_hal_msp.c:152:6:HAL_RTC_AlarmAEventCallback	16	static
../App/Core/Src/mlm32l0xx_hal_msp.c:162:6:HAL_GPIO_EXTI_Callback	16	static
../App/Core/Src/mlm32l0xx_hal_msp.c:172:11:MSP_GetIRQn	16	static
